00:00.016  color_management | Using OCIO=/Applications/Blender.app/Contents/Resources/5.2/datafiles/colormanagement/config.ocio
00:00.442  blend            | Read blend: "/Users/happy/Desktop/AdgaiWalker/output/xiaoying/yingyao-v3/xiaoying-asset.blend"
00:00.479  reports          | WARNING 库文件, 加载空场景
Blender 5.2.0 LTS (hash fbe6228777e7 built 2026-07-14 01:31:22)
00:02.593  render           | Saved: '/Users/happy/Desktop/AdgaiWalker/output/xiaoying/yingyao-v3/video-check.png'
00:05.565  render           | Video append frame 1
00:05.906  render           | Video append frame 3
00:06.227  render           | Video append frame 5
00:06.568  render           | Video append frame 7
00:06.895  render           | Video append frame 9
00:07.221  render           | Video append frame 11
00:07.545  render           | Video append frame 13
00:07.874  render           | Video append frame 15
00:08.192  render           | Video append frame 17
00:08.528  render           | Video append frame 19
00:08.850  render           | Video append frame 21
00:09.176  render           | Video append frame 23
00:09.512  render           | Video append frame 25
00:09.828  render           | Video append frame 27
00:10.142  render           | Video append frame 29
00:10.458  render           | Video append frame 31
00:10.787  render           | Video append frame 33
00:11.139  render           | Video append frame 35
00:11.451  render           | Video append frame 37
00:11.792  render           | Video append frame 39
00:12.116  render           | Video append frame 41
00:12.431  render           | Video append frame 43
00:12.739  render           | Video append frame 45
00:13.052  render           | Video append frame 47
00:13.393  render           | Video append frame 49
00:13.692  render           | Video append frame 51
00:14.012  render           | Video append frame 53
00:14.342  render           | Video append frame 55
00:14.688  render           | Video append frame 57
00:15.015  render           | Video append frame 59
00:15.336  render           | Video append frame 61
00:15.671  render           | Video append frame 63
00:16.008  render           | Video append frame 65
00:16.328  render           | Video append frame 67
00:16.660  render           | Video append frame 69
00:16.977  render           | Video append frame 71
00:17.303  render           | Video append frame 73
00:17.636  render           | Video append frame 75
00:17.968  render           | Video append frame 77
00:18.303  render           | Video append frame 79
00:18.630  render           | Video append frame 81
00:18.972  render           | Video append frame 83
00:19.290  render           | Video append frame 85
00:19.620  render           | Video append frame 87
00:19.951  render           | Video append frame 89
00:20.288  render           | Video append frame 91
00:20.622  render           | Video append frame 93
00:20.945  render           | Video append frame 95
00:21.266  render           | Video append frame 97
00:21.601  render           | Video append frame 99
00:21.925  render           | Video append frame 101
00:22.254  render           | Video append frame 103
00:22.588  render           | Video append frame 105
00:22.926  render           | Video append frame 107
00:23.256  render           | Video append frame 109
00:23.569  render           | Video append frame 111
00:23.893  render           | Video append frame 113
00:24.239  render           | Video append frame 115
00:24.562  render           | Video append frame 117
00:24.894  render           | Video append frame 119
00:25.250  render           | Video append frame 121
00:25.581  render           | Video append frame 123
00:25.909  render           | Video append frame 125
00:26.224  render           | Video append frame 127
00:26.539  render           | Video append frame 129
00:26.876  render           | Video append frame 131
00:27.199  render           | Video append frame 133
00:27.530  render           | Video append frame 135
00:27.860  render           | Video append frame 137
00:28.178  render           | Video append frame 139
00:28.525  render           | Video append frame 141
00:28.858  render           | Video append frame 143
00:29.189  render           | Video append frame 145
00:29.514  render           | Video append frame 147
00:29.838  render           | Video append frame 149
00:30.177  render           | Video append frame 151
00:30.498  render           | Video append frame 153
00:30.816  render           | Video append frame 155
00:31.133  render           | Video append frame 157
00:31.451  render           | Video append frame 159
00:31.774  render           | Video append frame 161
00:32.105  render           | Video append frame 163
00:32.444  render           | Video append frame 165
00:32.772  render           | Video append frame 167
00:33.116  render           | Video append frame 169
00:33.450  render           | Video append frame 171
00:33.772  render           | Video append frame 173
00:34.077  render           | Video append frame 175
00:34.380  render           | Video append frame 177
00:34.685  render           | Video append frame 179
00:34.987  render           | Video append frame 181
00:35.285  render           | Video append frame 183
00:35.581  render           | Video append frame 185
00:35.881  render           | Video append frame 187
00:36.183  render           | Video append frame 189
00:36.493  render           | Video append frame 191
00:36.806  render           | Video append frame 193
00:37.110  render           | Video append frame 195
00:37.414  render           | Video append frame 197
00:37.712  render           | Video append frame 199
00:38.020  render           | Video append frame 201
00:38.326  render           | Video append frame 203
00:38.623  render           | Video append frame 205
00:38.929  render           | Video append frame 207
00:39.240  render           | Video append frame 209
00:39.548  render           | Video append frame 211
00:39.864  render           | Video append frame 213
00:40.166  render           | Video append frame 215
00:40.466  render           | Video append frame 217
00:40.772  render           | Video append frame 219
00:41.079  render           | Video append frame 221
00:41.381  render           | Video append frame 223
00:41.688  render           | Video append frame 225
00:41.991  render           | Video append frame 227
00:42.300  render           | Video append frame 229
00:42.613  render           | Video append frame 231
00:42.918  render           | Video append frame 233
00:43.235  render           | Video append frame 235
00:43.540  render           | Video append frame 237
00:43.847  render           | Video append frame 239
00:44.152  render           | Video append frame 241
00:44.454  render           | Video append frame 243
00:44.760  render           | Video append frame 245
00:45.062  render           | Video append frame 247
00:45.368  render           | Video append frame 249
00:45.669  render           | Video append frame 251
00:45.973  render           | Video append frame 253
00:46.282  render           | Video append frame 255
00:46.592  render           | Video append frame 257
00:46.905  render           | Video append frame 259
00:47.217  render           | Video append frame 261
00:47.522  render           | Video append frame 263
00:47.830  render           | Video append frame 265
00:48.131  render           | Video append frame 267
00:48.447  render           | Video append frame 269
00:48.753  render           | Video append frame 271
00:49.060  render           | Video append frame 273
00:49.366  render           | Video append frame 275
00:49.681  render           | Video append frame 277
00:49.985  render           | Video append frame 279
00:50.291  render           | Video append frame 281
00:50.600  render           | Video append frame 283
00:50.910  render           | Video append frame 285
00:51.215  render           | Video append frame 287
00:51.526  render           | Video append frame 289
00:51.866  render           | Video append frame 291
00:52.546  render           | Video append frame 293
00:52.872  render           | Video append frame 295
00:53.191  render           | Video append frame 297
00:53.513  render           | Video append frame 299
00:53.843  render           | Video append frame 301
00:54.179  render           | Video append frame 303
00:54.499  render           | Video append frame 305
00:54.815  render           | Video append frame 307
00:55.134  render           | Video append frame 309
00:55.451  render           | Video append frame 311
00:55.793  render           | Video append frame 313
00:56.120  render           | Video append frame 315
00:56.468  render           | Video append frame 317
00:56.813  render           | Video append frame 319
00:57.142  render           | Video append frame 321
00:57.490  render           | Video append frame 323
00:57.812  render           | Video append frame 325
00:58.145  render           | Video append frame 327
00:58.470  render           | Video append frame 329
00:58.789  render           | Video append frame 331
00:59.112  render           | Video append frame 333
00:59.458  render           | Video append frame 335
00:59.784  render           | Video append frame 337
01:00.106  render           | Video append frame 339
01:00.421  render           | Video append frame 341
01:00.734  render           | Video append frame 343
01:01.066  render           | Video append frame 345
01:01.404  render           | Video append frame 347
01:01.728  render           | Video append frame 349
01:02.038  render           | Video append frame 351
01:02.374  render           | Video append frame 353
01:02.714  render           | Video append frame 355
01:03.042  render           | Video append frame 357
01:03.369  render           | Video append frame 359
01:03.700  render           | Video append frame 361
01:04.043  render           | Video append frame 363
01:04.384  render           | Video append frame 365
01:04.722  render           | Video append frame 367
01:05.045  render           | Video append frame 369
01:05.357  render           | Video append frame 371
01:05.675  render           | Video append frame 373
01:06.000  render           | Video append frame 375
01:06.337  render           | Video append frame 377
01:06.656  render           | Video append frame 379
01:06.984  render           | Video append frame 381
01:07.316  render           | Video append frame 383
01:07.657  render           | Video append frame 385
01:07.985  render           | Video append frame 387
01:08.309  render           | Video append frame 389
01:08.658  render           | Video append frame 391
01:08.996  render           | Video append frame 393
01:09.330  render           | Video append frame 395
01:09.654  render           | Video append frame 397
01:09.974  render           | Video append frame 399
01:10.308  render           | Video append frame 401
01:10.639  render           | Video append frame 403
01:10.965  render           | Video append frame 405
01:11.288  render           | Video append frame 407
01:11.634  render           | Video append frame 409
01:11.960  render           | Video append frame 411
01:12.285  render           | Video append frame 413
01:12.603  render           | Video append frame 415
01:12.927  render           | Video append frame 417
01:13.240  render           | Video append frame 419
01:13.565  render           | Video append frame 421
01:13.881  render           | Video append frame 423
01:14.202  render           | Video append frame 425
01:14.528  render           | Video append frame 427
01:14.875  render           | Video append frame 429
01:15.226  render           | Video append frame 431
01:15.570  render           | Video append frame 433
01:15.893  render           | Video append frame 435
01:16.220  render           | Video append frame 437
01:16.564  render           | Video append frame 439
01:16.894  render           | Video append frame 441
01:17.225  render           | Video append frame 443
01:17.557  render           | Video append frame 445
01:17.891  render           | Video append frame 447
01:18.217  render           | Video append frame 449
01:18.540  render           | Video append frame 451
01:18.860  render           | Video append frame 453
01:19.171  render           | Video append frame 455
01:19.497  render           | Video append frame 457
01:19.827  render           | Video append frame 459
01:20.156  render           | Video append frame 461
01:20.522  render           | Video append frame 463
01:20.849  render           | Video append frame 465
01:21.166  render           | Video append frame 467
01:21.511  render           | Video append frame 469
01:21.839  render           | Video append frame 471
01:22.166  render           | Video append frame 473
01:22.500  render           | Video append frame 475
01:22.827  render           | Video append frame 477
01:23.152  render           | Video append frame 479
01:23.496  render           | Video append frame 481
01:23.822  render           | Video append frame 483
01:24.139  render           | Video append frame 485
01:24.451  render           | Video append frame 487
01:24.770  render           | Video append frame 489
01:25.121  render           | Video append frame 491
01:25.460  render           | Video append frame 493
01:25.791  render           | Video append frame 495
01:26.123  render           | Video append frame 497
01:26.455  render           | Video append frame 499
01:26.798  render           | Video append frame 501
01:27.141  render           | Video append frame 503
01:27.479  render           | Video append frame 505
01:27.816  render           | Video append frame 507
01:28.141  render           | Video append frame 509
01:28.491  render           | Video append frame 511
01:28.822  render           | Video append frame 513
01:29.158  render           | Video append frame 515
01:29.490  render           | Video append frame 517
01:29.824  render           | Video append frame 519
01:30.156  render           | Video append frame 521
01:30.492  render           | Video append frame 523
01:30.830  render           | Video append frame 525
01:31.159  render           | Video append frame 527
01:31.490  render           | Video append frame 529
01:31.821  render           | Video append frame 531
01:32.148  render           | Video append frame 533
01:32.484  render           | Video append frame 535
01:32.827  render           | Video append frame 537
01:33.160  render           | Video append frame 539
01:33.480  render           | Video append frame 541
01:33.796  render           | Video append frame 543
01:34.126  render           | Video append frame 545
01:34.447  render           | Video append frame 547
01:34.760  render           | Video append frame 549
01:35.085  render           | Video append frame 551
01:35.427  render           | Video append frame 553
01:35.763  render           | Video append frame 555
01:36.092  render           | Video append frame 557
01:36.414  render           | Video append frame 559
01:36.772  render           | Video append frame 561
01:37.115  render           | Video append frame 563
01:37.449  render           | Video append frame 565
01:37.793  render           | Video append frame 567
01:38.120  render           | Video append frame 569
01:38.458  render           | Video append frame 571
01:38.799  render           | Video append frame 573
01:39.135  render           | Video append frame 575
01:39.470  render           | Video append frame 577
01:39.811  render           | Video append frame 579
01:40.150  render           | Video append frame 581
01:40.481  render           | Video append frame 583
01:40.812  render           | Video append frame 585
01:41.148  render           | Video append frame 587
01:41.466  render           | Video append frame 589
01:41.788  render           | Video append frame 591
01:42.111  render           | Video append frame 593
01:42.439  render           | Video append frame 595
01:42.773  render           | Video append frame 597
01:43.100  render           | Video append frame 599
01:43.422  render           | Video append frame 601
01:43.758  render           | Video append frame 603
01:44.085  render           | Video append frame 605
01:44.405  render           | Video append frame 607
01:44.745  render           | Video append frame 609
01:45.072  render           | Video append frame 611
01:45.392  render           | Video append frame 613
01:45.722  render           | Video append frame 615
01:46.045  render           | Video append frame 617
01:46.364  render           | Video append frame 619
01:46.690  render           | Video append frame 621
01:47.007  render           | Video append frame 623
01:47.328  render           | Video append frame 625
01:47.654  render           | Video append frame 627
01:47.972  render           | Video append frame 629
01:48.310  render           | Video append frame 631
01:48.657  render           | Video append frame 633
01:48.978  render           | Video append frame 635
01:49.326  render           | Video append frame 637
01:49.661  render           | Video append frame 639
01:49.988  render           | Video append frame 641
01:50.312  render           | Video append frame 643
01:50.646  render           | Video append frame 645
01:50.966  render           | Video append frame 647
01:51.285  render           | Video append frame 649
01:51.603  render           | Video append frame 651
01:51.931  render           | Video append frame 653
01:52.254  render           | Video append frame 655
01:52.594  render           | Video append frame 657
01:52.926  render           | Video append frame 659
01:53.267  render           | Video append frame 661
01:53.610  render           | Video append frame 663
01:53.940  render           | Video append frame 665
01:54.282  render           | Video append frame 667
01:54.604  render           | Video append frame 669
01:54.930  render           | Video append frame 671
01:55.253  render           | Video append frame 673
01:55.591  render           | Video append frame 675
01:55.897  render           | Video append frame 677
01:56.197  render           | Video append frame 679
01:56.501  render           | Video append frame 681
01:56.796  render           | Video append frame 683
01:57.091  render           | Video append frame 685
01:57.393  render           | Video append frame 687
01:57.711  render           | Video append frame 689
01:58.002  render           | Video append frame 691
01:58.300  render           | Video append frame 693
01:58.594  render           | Video append frame 695
01:58.883  render           | Video append frame 697
01:59.174  render           | Video append frame 699
01:59.460  render           | Video append frame 701
01:59.744  render           | Video append frame 703
02:00.032  render           | Video append frame 705
02:00.319  render           | Video append frame 707
02:00.636  render           | Video append frame 709
02:00.919  render           | Video append frame 711
02:01.208  render           | Video append frame 713
02:01.503  render           | Video append frame 715
02:01.796  render           | Video append frame 717
02:02.083  render           | Video append frame 719
02:02.374  render           | Video append frame 721
02:02.670  render           | Video append frame 723
02:02.997  render           | Video append frame 725
02:03.287  render           | Video append frame 727
02:03.579  render           | Video append frame 729
02:03.863  render           | Video append frame 731
02:04.156  render           | Video append frame 733
02:04.443  render           | Video append frame 735
02:04.733  render           | Video append frame 737
02:05.018  render           | Video append frame 739
02:05.308  render           | Video append frame 741
02:05.593  render           | Video append frame 743
02:05.887  render           | Video append frame 745
02:06.178  render           | Video append frame 747
02:06.472  render           | Video append frame 749
02:06.764  render           | Video append frame 751
02:07.060  render           | Video append frame 753
02:07.353  render           | Video append frame 755
02:07.646  render           | Video append frame 757
02:07.938  render           | Video append frame 759
02:08.227  render           | Video append frame 761
02:08.523  render           | Video append frame 763
02:08.811  render           | Video append frame 765
02:09.098  render           | Video append frame 767
02:09.389  render           | Video append frame 769
02:09.675  render           | Video append frame 771
02:09.969  render           | Video append frame 773
02:10.257  render           | Video append frame 775
02:10.553  render           | Video append frame 777
02:10.835  render           | Video append frame 779
02:11.122  render           | Video append frame 781
02:11.413  render           | Video append frame 783
02:11.704  render           | Video append frame 785
02:11.994  render           | Video append frame 787
02:12.290  render           | Video append frame 789
02:12.581  render           | Video append frame 791
02:12.875  render           | Video append frame 793
02:13.165  render           | Video append frame 795
02:13.461  render           | Video append frame 797
02:13.751  render           | Video append frame 799
02:14.044  render           | Video append frame 801
02:14.331  render           | Video append frame 803
02:14.624  render           | Video append frame 805
02:14.915  render           | Video append frame 807
02:15.206  render           | Video append frame 809
02:15.524  render           | Video append frame 811
02:15.846  render           | Video append frame 813
02:16.159  render           | Video append frame 815
02:16.479  render           | Video append frame 817
02:16.794  render           | Video append frame 819
02:17.105  render           | Video append frame 821
02:17.421  render           | Video append frame 823
02:17.743  render           | Video append frame 825
02:18.070  render           | Video append frame 827
02:18.387  render           | Video append frame 829
02:18.703  render           | Video append frame 831
02:19.013  render           | Video append frame 833
02:19.315  render           | Video append frame 835
02:19.626  render           | Video append frame 837
02:19.929  render           | Video append frame 839
02:20.230  render           | Video append frame 841
02:20.533  render           | Video append frame 843
02:20.843  render           | Video append frame 845
02:21.164  render           | Video append frame 847
02:21.473  render           | Video append frame 849
02:21.780  render           | Video append frame 851
02:22.097  render           | Video append frame 853
02:22.421  render           | Video append frame 855
02:22.732  render           | Video append frame 857
02:23.041  render           | Video append frame 859
02:23.356  render           | Video append frame 861
02:23.671  render           | Video append frame 863
02:23.988  render           | Video append frame 865
02:24.294  render           | Video append frame 867
02:24.604  render           | Video append frame 869
02:24.912  render           | Video append frame 871
02:25.222  render           | Video append frame 873
02:25.543  render           | Video append frame 875
02:25.871  render           | Video append frame 877
02:26.198  render           | Video append frame 879
02:26.516  render           | Video append frame 881
02:26.832  render           | Video append frame 883
02:27.153  render           | Video append frame 885
02:27.469  render           | Video append frame 887
02:27.785  render           | Video append frame 889
02:28.099  render           | Video append frame 891
02:28.412  render           | Video append frame 893
02:28.734  render           | Video append frame 895
02:29.056  render           | Video append frame 897
02:29.375  render           | Video append frame 899
02:29.694  render           | Video append frame 901
02:30.014  render           | Video append frame 903
02:30.331  render           | Video append frame 905
02:30.645  render           | Video append frame 907
02:30.964  render           | Video append frame 909
02:31.282  render           | Video append frame 911
02:31.602  render           | Video append frame 913
02:31.926  render           | Video append frame 915
02:32.248  render           | Video append frame 917
02:32.570  render           | Video append frame 919
02:32.893  render           | Video append frame 921
02:33.210  render           | Video append frame 923
02:33.536  render           | Video append frame 925
02:33.856  render           | Video append frame 927
02:34.171  render           | Video append frame 929
02:34.490  render           | Video append frame 931
02:34.814  render           | Video append frame 933
02:35.130  render           | Video append frame 935
02:35.454  render           | Video append frame 937
02:35.781  render           | Video append frame 939
02:36.103  render           | Video append frame 941
02:36.426  render           | Video append frame 943
02:36.745  render           | Video append frame 945
02:37.060  render           | Video append frame 947
02:37.376  render           | Video append frame 949
02:37.696  render           | Video append frame 951
02:38.022  render           | Video append frame 953
02:38.338  render           | Video append frame 955
02:38.658  render           | Video append frame 957
02:38.974  render           | Video append frame 959
02:39.295  render           | Video append frame 961
02:39.615  render           | Video append frame 963
02:39.939  render           | Video append frame 965
02:40.253  render           | Video append frame 967
02:40.573  render           | Video append frame 969
02:40.894  render           | Video append frame 971
02:41.213  render           | Video append frame 973
02:41.535  render           | Video append frame 975
02:41.861  render           | Video append frame 977
02:42.181  render           | Video append frame 979
02:42.504  render           | Video append frame 981
02:42.831  render           | Video append frame 983
02:43.157  render           | Video append frame 985
02:43.471  render           | Video append frame 987
02:43.789  render           | Video append frame 989
02:44.103  render           | Video append frame 991
02:44.418  render           | Video append frame 993
02:44.735  render           | Video append frame 995
02:45.053  render           | Video append frame 997
02:45.371  render           | Video append frame 999
02:45.695  render           | Video append frame 1001
02:46.016  render           | Video append frame 1003
02:46.335  render           | Video append frame 1005
02:46.658  render           | Video append frame 1007
02:46.978  render           | Video append frame 1009
02:47.296  render           | Video append frame 1011
02:47.615  render           | Video append frame 1013
02:47.932  render           | Video append frame 1015
02:48.255  render           | Video append frame 1017
02:48.574  render           | Video append frame 1019
02:48.896  render           | Video append frame 1021
02:49.221  render           | Video append frame 1023
02:49.545  render           | Video append frame 1025
02:49.872  render           | Video append frame 1027
02:50.190  render           | Video append frame 1029
02:50.513  render           | Video append frame 1031
02:50.838  render           | Video append frame 1033
02:51.159  render           | Video append frame 1035
02:51.476  render           | Video append frame 1037
02:51.800  render           | Video append frame 1039
02:52.123  render           | Video append frame 1041
02:52.442  render           | Video append frame 1043
02:52.765  render           | Video append frame 1045
02:53.086  render           | Video append frame 1047
02:53.399  render           | Video append frame 1049
02:53.718  render           | Video append frame 1051
02:54.039  render           | Video append frame 1053
02:54.363  render           | Video append frame 1055
02:54.687  render           | Video append frame 1057
02:55.012  render           | Video append frame 1059
02:55.326  render           | Video append frame 1061
02:55.643  render           | Video append frame 1063
02:55.962  render           | Video append frame 1065
02:56.278  render           | Video append frame 1067
02:56.595  render           | Video append frame 1069
02:56.917  render           | Video append frame 1071
02:57.241  render           | Video append frame 1073
02:57.562  render           | Video append frame 1075
02:57.883  render           | Video append frame 1077
02:58.199  render           | Video append frame 1079
02:58.514  render           | Video append frame 1081
02:58.830  render           | Video append frame 1083
02:59.151  render           | Video append frame 1085
02:59.467  render           | Video append frame 1087
02:59.782  render           | Video append frame 1089
03:00.094  render           | Video append frame 1091
03:00.417  render           | Video append frame 1093
03:00.728  render           | Video append frame 1095

Blender quit
