00:00.036  color_management | Using OCIO=/Applications/Blender.app/Contents/Resources/5.2/datafiles/colormanagement/config.ocio
00:02.949  blend            | Read blend: "/Users/happy/Desktop/AdgaiWalker/output/xiaoying/yingyao-v3/xiaoying-asset.blend"
00:03.130  reports          | WARNING 库文件, 加载空场景
Blender 5.2.0 LTS (hash fbe6228777e7 built 2026-07-14 01:31:22)
00:20.514  render           | Saved: '/Users/happy/Desktop/AdgaiWalker/output/xiaoying/yingyao-v3/08-sleep.png'
00:41.742  render           | Saved: '/Users/happy/Desktop/AdgaiWalker/output/xiaoying/yingyao-v3/04-receive.png'
00:59.972  render           | Saved: '/Users/happy/Desktop/AdgaiWalker/output/xiaoying/yingyao-v3/09-material-detail.png'
01:18.010  render           | Saved: '/Users/happy/Desktop/AdgaiWalker/output/xiaoying/yingyao-v3/01-idle.png'
01:36.283  render           | Saved: '/Users/happy/Desktop/AdgaiWalker/output/xiaoying/yingyao-v3/03-listen.png'
01:54.769  render           | Saved: '/Users/happy/Desktop/AdgaiWalker/output/xiaoying/yingyao-v3/05-think.png'
02:11.072  render           | Saved: '/Users/happy/Desktop/AdgaiWalker/output/xiaoying/yingyao-v3/06-express.png'
02:30.265  render           | Saved: '/Users/happy/Desktop/AdgaiWalker/output/xiaoying/yingyao-v3/07-joy.png'
02:34.306  render           | Saved: '/Users/happy/Desktop/AdgaiWalker/output/xiaoying/yingyao-v3/video-lookdev-check.png'
02:36.443  render           | Video append frame 1
02:37.129  render           | Video append frame 3
02:37.792  render           | Video append frame 5
02:38.471  render           | Video append frame 7
02:39.131  render           | Video append frame 9
02:39.802  render           | Video append frame 11
02:40.485  render           | Video append frame 13
02:41.146  render           | Video append frame 15
02:41.795  render           | Video append frame 17
02:42.445  render           | Video append frame 19
02:43.106  render           | Video append frame 21
02:43.771  render           | Video append frame 23
02:44.426  render           | Video append frame 25
02:45.099  render           | Video append frame 27
02:45.743  render           | Video append frame 29
02:46.417  render           | Video append frame 31
02:47.062  render           | Video append frame 33
02:47.722  render           | Video append frame 35
02:48.368  render           | Video append frame 37
02:49.020  render           | Video append frame 39
02:49.655  render           | Video append frame 41
02:50.318  render           | Video append frame 43
02:50.962  render           | Video append frame 45
02:51.622  render           | Video append frame 47
02:52.277  render           | Video append frame 49
02:52.949  render           | Video append frame 51
02:53.595  render           | Video append frame 53
02:54.286  render           | Video append frame 55
02:54.949  render           | Video append frame 57
02:55.626  render           | Video append frame 59
02:56.307  render           | Video append frame 61
02:56.997  render           | Video append frame 63
02:57.717  render           | Video append frame 65
02:58.426  render           | Video append frame 67
02:59.136  render           | Video append frame 69
02:59.800  render           | Video append frame 71
03:00.463  render           | Video append frame 73
03:01.140  render           | Video append frame 75
03:01.802  render           | Video append frame 77
03:02.470  render           | Video append frame 79
03:03.133  render           | Video append frame 81
03:03.810  render           | Video append frame 83
03:04.482  render           | Video append frame 85
03:05.151  render           | Video append frame 87
03:05.823  render           | Video append frame 89
03:06.497  render           | Video append frame 91
03:07.170  render           | Video append frame 93
03:07.851  render           | Video append frame 95
03:08.517  render           | Video append frame 97
03:09.174  render           | Video append frame 99
03:09.846  render           | Video append frame 101
03:10.520  render           | Video append frame 103
03:11.187  render           | Video append frame 105
03:11.845  render           | Video append frame 107
03:12.499  render           | Video append frame 109
03:13.172  render           | Video append frame 111
03:13.835  render           | Video append frame 113
03:14.492  render           | Video append frame 115
03:15.157  render           | Video append frame 117
03:15.844  render           | Video append frame 119
03:16.500  render           | Video append frame 121
03:17.168  render           | Video append frame 123
03:17.817  render           | Video append frame 125
03:18.484  render           | Video append frame 127
03:19.154  render           | Video append frame 129
03:19.811  render           | Video append frame 131
03:20.474  render           | Video append frame 133
03:21.161  render           | Video append frame 135
03:21.838  render           | Video append frame 137
03:22.536  render           | Video append frame 139
03:23.217  render           | Video append frame 141
03:23.899  render           | Video append frame 143
03:24.545  render           | Video append frame 145
03:25.206  render           | Video append frame 147
03:25.851  render           | Video append frame 149
03:26.501  render           | Video append frame 151
03:27.134  render           | Video append frame 153
03:27.789  render           | Video append frame 155
03:28.434  render           | Video append frame 157
03:29.071  render           | Video append frame 159
03:29.696  render           | Video append frame 161
03:30.338  render           | Video append frame 163
03:30.994  render           | Video append frame 165
03:31.655  render           | Video append frame 167
03:32.299  render           | Video append frame 169
03:32.952  render           | Video append frame 171
03:33.597  render           | Video append frame 173
03:34.249  render           | Video append frame 175
03:34.885  render           | Video append frame 177
03:35.557  render           | Video append frame 179
03:36.200  render           | Video append frame 181
03:36.853  render           | Video append frame 183
03:37.473  render           | Video append frame 185
03:38.099  render           | Video append frame 187
03:38.740  render           | Video append frame 189
03:39.388  render           | Video append frame 191
03:40.048  render           | Video append frame 193
03:40.698  render           | Video append frame 195
03:41.335  render           | Video append frame 197
03:41.950  render           | Video append frame 199
03:42.569  render           | Video append frame 201
03:43.204  render           | Video append frame 203
03:43.858  render           | Video append frame 205
03:44.503  render           | Video append frame 207
03:45.134  render           | Video append frame 209
03:45.781  render           | Video append frame 211
03:46.425  render           | Video append frame 213
03:47.074  render           | Video append frame 215
03:47.707  render           | Video append frame 217
03:48.391  render           | Video append frame 219
03:49.057  render           | Video append frame 221
03:49.739  render           | Video append frame 223
03:50.396  render           | Video append frame 225
03:51.064  render           | Video append frame 227
03:51.721  render           | Video append frame 229
03:52.401  render           | Video append frame 231
03:53.076  render           | Video append frame 233
03:53.744  render           | Video append frame 235
03:54.403  render           | Video append frame 237
03:55.081  render           | Video append frame 239
03:55.735  render           | Video append frame 241
03:56.407  render           | Video append frame 243
03:57.065  render           | Video append frame 245
03:57.724  render           | Video append frame 247
03:58.380  render           | Video append frame 249
03:59.036  render           | Video append frame 251
03:59.681  render           | Video append frame 253
04:00.332  render           | Video append frame 255
04:00.976  render           | Video append frame 257
04:01.638  render           | Video append frame 259
04:02.286  render           | Video append frame 261
04:02.956  render           | Video append frame 263
04:03.611  render           | Video append frame 265
04:04.280  render           | Video append frame 267
04:04.934  render           | Video append frame 269
04:05.602  render           | Video append frame 271
04:06.243  render           | Video append frame 273
04:06.931  render           | Video append frame 275
04:07.586  render           | Video append frame 277
04:08.253  render           | Video append frame 279
04:08.907  render           | Video append frame 281
04:09.569  render           | Video append frame 283
04:10.225  render           | Video append frame 285
04:10.888  render           | Video append frame 287
04:11.538  render           | Video append frame 289
04:12.203  render           | Video append frame 291
04:12.871  render           | Video append frame 293
04:13.545  render           | Video append frame 295
04:14.204  render           | Video append frame 297
04:14.863  render           | Video append frame 299
04:15.514  render           | Video append frame 301
04:16.179  render           | Video append frame 303
04:16.830  render           | Video append frame 305
04:17.501  render           | Video append frame 307
04:18.148  render           | Video append frame 309
04:18.811  render           | Video append frame 311
04:19.461  render           | Video append frame 313
04:20.115  render           | Video append frame 315
04:20.760  render           | Video append frame 317
04:21.412  render           | Video append frame 319
04:22.088  render           | Video append frame 321
04:22.768  render           | Video append frame 323
04:23.445  render           | Video append frame 325
04:24.133  render           | Video append frame 327
04:24.798  render           | Video append frame 329
04:25.474  render           | Video append frame 331
04:26.138  render           | Video append frame 333
04:26.808  render           | Video append frame 335
04:27.473  render           | Video append frame 337
04:28.144  render           | Video append frame 339
04:28.805  render           | Video append frame 341
04:29.484  render           | Video append frame 343
04:30.138  render           | Video append frame 345
04:30.795  render           | Video append frame 347
04:31.457  render           | Video append frame 349
04:32.129  render           | Video append frame 351
04:32.774  render           | Video append frame 353
04:33.442  render           | Video append frame 355
04:34.109  render           | Video append frame 357
04:34.794  render           | Video append frame 359
04:35.439  render           | Video append frame 361
04:36.106  render           | Video append frame 363
04:36.757  render           | Video append frame 365
04:37.414  render           | Video append frame 367
04:38.085  render           | Video append frame 369
04:38.745  render           | Video append frame 371
04:39.403  render           | Video append frame 373
04:40.081  render           | Video append frame 375
04:40.792  render           | Video append frame 377
04:41.513  render           | Video append frame 379
04:42.227  render           | Video append frame 381
04:42.957  render           | Video append frame 383
04:43.667  render           | Video append frame 385
04:44.391  render           | Video append frame 387
04:45.105  render           | Video append frame 389
04:45.834  render           | Video append frame 391
04:46.530  render           | Video append frame 393
04:47.252  render           | Video append frame 395
04:47.941  render           | Video append frame 397
04:48.662  render           | Video append frame 399
04:49.361  render           | Video append frame 401
04:50.062  render           | Video append frame 403
04:50.728  render           | Video append frame 405
04:51.419  render           | Video append frame 407
04:52.111  render           | Video append frame 409
04:52.813  render           | Video append frame 411
04:53.498  render           | Video append frame 413
04:54.173  render           | Video append frame 415
04:54.859  render           | Video append frame 417
04:55.565  render           | Video append frame 419
04:56.257  render           | Video append frame 421
04:56.951  render           | Video append frame 423
04:57.642  render           | Video append frame 425
04:58.396  render           | Video append frame 427
04:59.103  render           | Video append frame 429
04:59.807  render           | Video append frame 431
05:00.500  render           | Video append frame 433
05:01.181  render           | Video append frame 435
05:01.853  render           | Video append frame 437
05:02.553  render           | Video append frame 439
05:03.241  render           | Video append frame 441
05:03.938  render           | Video append frame 443
05:04.704  render           | Video append frame 445
05:05.726  render           | Video append frame 447
05:06.761  render           | Video append frame 449
05:07.775  render           | Video append frame 451
05:08.766  render           | Video append frame 453
05:09.810  render           | Video append frame 455
05:10.865  render           | Video append frame 457
05:12.002  render           | Video append frame 459
05:13.119  render           | Video append frame 461
05:14.193  render           | Video append frame 463
05:15.253  render           | Video append frame 465
05:16.354  render           | Video append frame 467
05:17.445  render           | Video append frame 469
05:18.532  render           | Video append frame 471
05:19.601  render           | Video append frame 473
05:20.669  render           | Video append frame 475
05:21.735  render           | Video append frame 477
05:22.830  render           | Video append frame 479
05:23.913  render           | Video append frame 481
05:25.002  render           | Video append frame 483
05:26.149  render           | Video append frame 485
05:27.299  render           | Video append frame 487
05:28.436  render           | Video append frame 489
05:29.589  render           | Video append frame 491
05:30.723  render           | Video append frame 493
05:31.866  render           | Video append frame 495
05:32.957  render           | Video append frame 497
05:34.127  render           | Video append frame 499
05:35.289  render           | Video append frame 501
05:36.486  render           | Video append frame 503
05:37.594  render           | Video append frame 505
05:38.736  render           | Video append frame 507
05:39.830  render           | Video append frame 509
05:40.969  render           | Video append frame 511
05:42.096  render           | Video append frame 513
05:43.250  render           | Video append frame 515
05:44.422  render           | Video append frame 517
05:45.571  render           | Video append frame 519
05:46.725  render           | Video append frame 521
05:47.894  render           | Video append frame 523
05:49.029  render           | Video append frame 525
05:50.103  render           | Video append frame 527
05:51.210  render           | Video append frame 529
05:52.247  render           | Video append frame 531
05:53.298  render           | Video append frame 533
05:54.337  render           | Video append frame 535
05:55.397  render           | Video append frame 537
05:56.451  render           | Video append frame 539
05:57.492  render           | Video append frame 541
05:58.853  render           | Video append frame 543
05:59.861  render           | Video append frame 545
06:00.886  render           | Video append frame 547
06:01.937  render           | Video append frame 549
06:02.999  render           | Video append frame 551
06:04.022  render           | Video append frame 553
06:05.026  render           | Video append frame 555
06:06.015  render           | Video append frame 557
06:07.051  render           | Video append frame 559
06:08.079  render           | Video append frame 561
06:09.135  render           | Video append frame 563
06:10.133  render           | Video append frame 565
06:10.878  render           | Video append frame 567
06:11.702  render           | Video append frame 569
06:12.549  render           | Video append frame 571
06:13.337  render           | Video append frame 573
06:14.146  render           | Video append frame 575
06:14.954  render           | Video append frame 577
06:15.764  render           | Video append frame 579
06:16.555  render           | Video append frame 581
06:17.343  render           | Video append frame 583
06:18.141  render           | Video append frame 585
06:18.830  render           | Video append frame 587
06:19.595  render           | Video append frame 589
06:20.400  render           | Video append frame 591
06:21.172  render           | Video append frame 593
06:21.988  render           | Video append frame 595
06:22.774  render           | Video append frame 597
06:23.573  render           | Video append frame 599
06:24.383  render           | Video append frame 601
06:25.200  render           | Video append frame 603
06:26.038  render           | Video append frame 605
06:26.840  render           | Video append frame 607
06:27.634  render           | Video append frame 609
06:28.458  render           | Video append frame 611
06:29.252  render           | Video append frame 613
06:30.015  render           | Video append frame 615
06:30.802  render           | Video append frame 617
06:31.604  render           | Video append frame 619
06:32.389  render           | Video append frame 621
06:33.145  render           | Video append frame 623
06:33.921  render           | Video append frame 625
06:34.715  render           | Video append frame 627
06:35.491  render           | Video append frame 629
06:36.257  render           | Video append frame 631
06:37.011  render           | Video append frame 633
06:37.780  render           | Video append frame 635
06:38.544  render           | Video append frame 637
06:39.344  render           | Video append frame 639
06:40.131  render           | Video append frame 641
06:40.935  render           | Video append frame 643
06:41.710  render           | Video append frame 645
06:42.488  render           | Video append frame 647
06:43.278  render           | Video append frame 649
06:44.080  render           | Video append frame 651
06:44.888  render           | Video append frame 653
06:45.695  render           | Video append frame 655
06:46.514  render           | Video append frame 657
06:47.327  render           | Video append frame 659
06:48.108  render           | Video append frame 661
06:48.911  render           | Video append frame 663
06:49.705  render           | Video append frame 665
06:50.502  render           | Video append frame 667
06:51.299  render           | Video append frame 669
06:52.141  render           | Video append frame 671
06:52.934  render           | Video append frame 673
06:53.739  render           | Video append frame 675
06:54.401  render           | Video append frame 677
06:55.073  render           | Video append frame 679
06:55.739  render           | Video append frame 681
06:56.411  render           | Video append frame 683
06:57.115  render           | Video append frame 685
06:57.781  render           | Video append frame 687
06:58.448  render           | Video append frame 689
06:59.139  render           | Video append frame 691
06:59.807  render           | Video append frame 693
07:00.487  render           | Video append frame 695
07:01.159  render           | Video append frame 697
07:01.819  render           | Video append frame 699
07:02.474  render           | Video append frame 701
07:03.152  render           | Video append frame 703
07:04.102  render           | Video append frame 705
07:04.802  render           | Video append frame 707
07:05.478  render           | Video append frame 709
07:06.174  render           | Video append frame 711
07:06.840  render           | Video append frame 713
07:07.533  render           | Video append frame 715
07:08.197  render           | Video append frame 717
07:08.874  render           | Video append frame 719
07:09.543  render           | Video append frame 721
07:10.207  render           | Video append frame 723
07:10.868  render           | Video append frame 725
07:11.554  render           | Video append frame 727
07:12.220  render           | Video append frame 729
07:12.873  render           | Video append frame 731
07:13.518  render           | Video append frame 733
07:14.184  render           | Video append frame 735
07:14.860  render           | Video append frame 737
07:15.514  render           | Video append frame 739
07:16.202  render           | Video append frame 741
07:16.926  render           | Video append frame 743
07:17.600  render           | Video append frame 745
07:18.311  render           | Video append frame 747
07:19.233  render           | Video append frame 749
07:20.019  render           | Video append frame 751
07:20.735  render           | Video append frame 753
07:21.393  render           | Video append frame 755
07:22.037  render           | Video append frame 757
07:22.674  render           | Video append frame 759
07:23.289  render           | Video append frame 761
07:23.918  render           | Video append frame 763
07:24.547  render           | Video append frame 765
07:25.199  render           | Video append frame 767
07:25.843  render           | Video append frame 769
07:26.490  render           | Video append frame 771
07:27.128  render           | Video append frame 773
07:27.775  render           | Video append frame 775
07:28.422  render           | Video append frame 777
07:29.086  render           | Video append frame 779
07:29.761  render           | Video append frame 781
07:30.405  render           | Video append frame 783
07:31.038  render           | Video append frame 785
07:31.694  render           | Video append frame 787
07:32.341  render           | Video append frame 789
07:32.993  render           | Video append frame 791
07:33.629  render           | Video append frame 793
07:34.280  render           | Video append frame 795
07:34.905  render           | Video append frame 797
07:35.578  render           | Video append frame 799
07:36.400  render           | Video append frame 801
07:37.071  render           | Video append frame 803
07:37.649  render           | Video append frame 805
07:38.223  render           | Video append frame 807
07:38.785  render           | Video append frame 809
07:39.447  render           | Video append frame 811
07:40.116  render           | Video append frame 813
07:40.779  render           | Video append frame 815
07:41.410  render           | Video append frame 817
07:42.065  render           | Video append frame 819
07:42.719  render           | Video append frame 821
07:43.385  render           | Video append frame 823
07:44.010  render           | Video append frame 825
07:44.675  render           | Video append frame 827
07:45.325  render           | Video append frame 829
07:45.974  render           | Video append frame 831
07:46.625  render           | Video append frame 833
07:47.257  render           | Video append frame 835
07:47.937  render           | Video append frame 837
07:48.761  render           | Video append frame 839
07:49.568  render           | Video append frame 841
07:50.276  render           | Video append frame 843
07:50.962  render           | Video append frame 845
07:51.638  render           | Video append frame 847
07:52.316  render           | Video append frame 849
07:52.979  render           | Video append frame 851
07:53.639  render           | Video append frame 853
07:54.336  render           | Video append frame 855
07:55.122  render           | Video append frame 857
07:55.914  render           | Video append frame 859
07:56.664  render           | Video append frame 861
07:57.433  render           | Video append frame 863
07:58.177  render           | Video append frame 865
07:58.931  render           | Video append frame 867
07:59.683  render           | Video append frame 869
08:00.443  render           | Video append frame 871
08:01.204  render           | Video append frame 873
08:01.987  render           | Video append frame 875
08:02.781  render           | Video append frame 877
08:03.571  render           | Video append frame 879
08:04.352  render           | Video append frame 881
08:05.125  render           | Video append frame 883
08:05.887  render           | Video append frame 885
08:06.650  render           | Video append frame 887
08:07.419  render           | Video append frame 889
08:08.178  render           | Video append frame 891
08:08.901  render           | Video append frame 893
08:09.676  render           | Video append frame 895
08:10.421  render           | Video append frame 897
08:11.186  render           | Video append frame 899
08:11.937  render           | Video append frame 901
08:12.701  render           | Video append frame 903
08:13.465  render           | Video append frame 905
08:14.247  render           | Video append frame 907
08:15.015  render           | Video append frame 909
08:15.786  render           | Video append frame 911
08:16.570  render           | Video append frame 913
08:17.355  render           | Video append frame 915
08:18.116  render           | Video append frame 917
08:18.863  render           | Video append frame 919
08:19.610  render           | Video append frame 921
08:20.358  render           | Video append frame 923
08:21.096  render           | Video append frame 925
08:21.869  render           | Video append frame 927
08:22.611  render           | Video append frame 929
08:23.352  render           | Video append frame 931
08:24.096  render           | Video append frame 933
08:24.840  render           | Video append frame 935
08:25.588  render           | Video append frame 937
08:26.339  render           | Video append frame 939
08:27.087  render           | Video append frame 941
08:27.802  render           | Video append frame 943
08:28.451  render           | Video append frame 945
08:29.180  render           | Video append frame 947
08:29.934  render           | Video append frame 949
08:30.735  render           | Video append frame 951
08:31.506  render           | Video append frame 953
08:32.194  render           | Video append frame 955
08:32.866  render           | Video append frame 957
08:33.544  render           | Video append frame 959
08:34.214  render           | Video append frame 961
08:34.886  render           | Video append frame 963
08:35.560  render           | Video append frame 965
08:36.241  render           | Video append frame 967
08:36.908  render           | Video append frame 969
08:37.588  render           | Video append frame 971
08:38.258  render           | Video append frame 973
08:38.944  render           | Video append frame 975
08:39.609  render           | Video append frame 977
08:40.303  render           | Video append frame 979
08:40.971  render           | Video append frame 981
08:41.655  render           | Video append frame 983
08:42.312  render           | Video append frame 985
08:43.000  render           | Video append frame 987
08:43.666  render           | Video append frame 989
08:44.334  render           | Video append frame 991
08:45.009  render           | Video append frame 993
08:45.684  render           | Video append frame 995
08:46.343  render           | Video append frame 997
08:47.027  render           | Video append frame 999
08:47.685  render           | Video append frame 1001
08:48.361  render           | Video append frame 1003
08:49.030  render           | Video append frame 1005
08:49.709  render           | Video append frame 1007
08:50.375  render           | Video append frame 1009
08:51.048  render           | Video append frame 1011
08:51.726  render           | Video append frame 1013
08:52.400  render           | Video append frame 1015
08:53.058  render           | Video append frame 1017
08:53.766  render           | Video append frame 1019
08:54.435  render           | Video append frame 1021
08:55.118  render           | Video append frame 1023
08:55.789  render           | Video append frame 1025
08:56.468  render           | Video append frame 1027
08:57.141  render           | Video append frame 1029
08:57.809  render           | Video append frame 1031
08:58.500  render           | Video append frame 1033
08:59.182  render           | Video append frame 1035
08:59.847  render           | Video append frame 1037
09:00.502  render           | Video append frame 1039
09:01.181  render           | Video append frame 1041
09:01.857  render           | Video append frame 1043
09:02.537  render           | Video append frame 1045
09:03.206  render           | Video append frame 1047
09:03.873  render           | Video append frame 1049
09:04.558  render           | Video append frame 1051
09:05.242  render           | Video append frame 1053
09:05.922  render           | Video append frame 1055
09:06.590  render           | Video append frame 1057
09:07.259  render           | Video append frame 1059
09:07.946  render           | Video append frame 1061
09:08.613  render           | Video append frame 1063
09:09.295  render           | Video append frame 1065
09:09.970  render           | Video append frame 1067
09:10.639  render           | Video append frame 1069
09:11.313  render           | Video append frame 1071
09:12.001  render           | Video append frame 1073
09:12.680  render           | Video append frame 1075
09:13.346  render           | Video append frame 1077
09:14.029  render           | Video append frame 1079
09:14.698  render           | Video append frame 1081
09:15.375  render           | Video append frame 1083
09:16.033  render           | Video append frame 1085
09:16.723  render           | Video append frame 1087
09:17.415  render           | Video append frame 1089
09:18.084  render           | Video append frame 1091
09:18.752  render           | Video append frame 1093
09:19.453  render           | Video append frame 1095

Blender quit
